2026-09-13 19:07:25 committed
2026-09-13 19:07:27 pushed
2026-09-13 19:37:27 committed
error: cannot pull with rebase: You have unstaged changes.
error: Please commit or stash them.
2026-09-13 19:37:27 PULL FAILED — resolve manually (git status)
2026-09-13 20:07:28 committed
error: cannot pull with rebase: You have unstaged changes.
error: Please commit or stash them.
2026-09-13 20:07:28 PULL FAILED — resolve manually (git status)
2026-09-13 20:41:36 committed
error: cannot pull with rebase: You have unstaged changes.
error: Please commit or stash them.
2026-09-13 20:41:36 PULL FAILED — resolve manually (git status)
2026-09-13 21:24:56 committed
error: cannot pull with rebase: You have unstaged changes.
error: Please commit or stash them.
2026-09-13 21:24:56 PULL FAILED — resolve manually (git status)
2026-09-14 07:43:26 committed
error: cannot pull with rebase: You have unstaged changes.
error: Please commit or stash them.
2026-09-14 07:43:26 PULL FAILED — resolve manually (git status)
2026-09-14 18:48:11 committed
error: cannot pull with rebase: You have unstaged changes.
error: Please commit or stash them.
2026-09-14 18:48:11 PULL FAILED — resolve manually (git status)
2026-09-15 07:43:34 committed
error: cannot pull with rebase: You have unstaged changes.
error: Please commit or stash them.
2026-09-15 07:43:34 PULL FAILED — resolve manually (git status)
2026-09-15 21:38:32 committed
error: cannot pull with rebase: You have unstaged changes.
error: Please commit or stash them.
2026-09-15 21:38:32 PULL FAILED — resolve manually (git status)
2026-09-16 07:32:32 committed
error: cannot pull with rebase: You have unstaged changes.
error: Please commit or stash them.
2026-09-16 07:32:32 PULL FAILED — resolve manually (git status)
2026-09-16 20:00:48 committed
error: cannot pull with rebase: You have unstaged changes.
error: Please commit or stash them.
2026-09-16 20:00:48 PULL FAILED — resolve manually (git status)
2026-09-17 21:02:54 committed
error: cannot pull with rebase: You have unstaged changes.
error: Please commit or stash them.
2026-09-17 21:02:54 PULL FAILED — resolve manually (git status)
2026-09-18 08:29:53 committed
error: cannot pull with rebase: You have unstaged changes.
error: Please commit or stash them.
2026-09-18 08:29:53 PULL FAILED — resolve manually (git status)
2026-09-18 13:08:58 committed
error: cannot pull with rebase: You have unstaged changes.
error: Please commit or stash them.
2026-09-18 13:08:59 PULL FAILED — resolve manually (git status)
2026-09-18 14:54:26 committed
error: cannot pull with rebase: You have unstaged changes.
error: Please commit or stash them.
2026-09-18 14:54:26 PULL FAILED — resolve manually (git status)
2026-09-18 16:01:06 committed
error: cannot pull with rebase: You have unstaged changes.
error: Please commit or stash them.
2026-09-18 16:01:06 PULL FAILED — resolve manually (git status)
2026-09-19 00:24:04 committed
error: cannot pull with rebase: You have unstaged changes.
error: Please commit or stash them.
2026-09-19 00:24:05 PULL FAILED — resolve manually (git status)
2026-09-20 14:44:01 committed
error: cannot pull with rebase: You have unstaged changes.
error: Please commit or stash them.
2026-09-20 14:44:01 PULL FAILED — resolve manually (git status)
2026-09-20 15:22:24 committed
error: cannot pull with rebase: You have unstaged changes.
error: Please commit or stash them.
2026-09-20 15:22:24 PULL FAILED — resolve manually (git status)
2026-09-20 15:52:24 committed
error: cannot pull with rebase: You have unstaged changes.
error: Please commit or stash them.
2026-09-20 15:52:24 PULL FAILED — resolve manually (git status)
2026-09-20 17:01:37 committed
error: cannot pull with rebase: You have unstaged changes.
error: Please commit or stash them.
2026-09-20 17:01:37 PULL FAILED — resolve manually (git status)
2026-09-21 14:07:51 committed
error: cannot pull with rebase: You have unstaged changes.
error: Please commit or stash them.
2026-09-21 14:07:51 PULL FAILED — resolve manually (git status)
2026-09-22 19:13:35 committed
error: cannot pull with rebase: You have unstaged changes.
error: Please commit or stash them.
2026-09-22 19:13:35 PULL FAILED — resolve manually (git status)
2026-09-23 20:16:32 committed
error: cannot pull with rebase: You have unstaged changes.
error: Please commit or stash them.
2026-09-23 20:16:32 PULL FAILED — resolve manually (git status)
2026-09-23 20:50:31 committed
error: cannot pull with rebase: You have unstaged changes.
error: Please commit or stash them.
2026-09-23 20:50:31 PULL FAILED — resolve manually (git status)
2026-09-23 21:20:32 committed
error: cannot pull with rebase: You have unstaged changes.
error: Please commit or stash them.
2026-09-23 21:20:32 PULL FAILED — resolve manually (git status)
2026-09-23 21:53:02 committed
error: cannot pull with rebase: You have unstaged changes.
error: Please commit or stash them.
2026-09-23 21:53:03 PULL FAILED — resolve manually (git status)
2026-09-24 10:17:33 committed
error: cannot pull with rebase: You have unstaged changes.
error: Please commit or stash them.
2026-09-24 10:17:33 PULL FAILED — resolve manually (git status)
2026-09-25 09:25:36 committed
error: cannot pull with rebase: You have unstaged changes.
error: Please commit or stash them.
2026-09-25 09:25:36 PULL FAILED — resolve manually (git status)
2026-09-25 11:21:52 committed
error: cannot pull with rebase: You have unstaged changes.
error: Please commit or stash them.
2026-09-25 11:21:52 PULL FAILED — resolve manually (git status)
2026-09-25 17:24:38 committed
error: cannot pull with rebase: You have unstaged changes.
error: Please commit or stash them.
2026-09-25 17:24:38 PULL FAILED — resolve manually (git status)
2026-09-25 22:47:45 committed
error: cannot pull with rebase: You have unstaged changes.
error: Please commit or stash them.
2026-09-25 22:47:45 PULL FAILED — resolve manually (git status)
2026-09-26 07:45:21 committed
error: cannot pull with rebase: You have unstaged changes.
error: Please commit or stash them.
2026-09-26 07:45:21 PULL FAILED — resolve manually (git status)
2026-09-26 08:15:21 committed
error: cannot pull with rebase: You have unstaged changes.
error: Please commit or stash them.
2026-09-26 08:15:22 PULL FAILED — resolve manually (git status)
2026-09-26 08:46:15 committed
error: cannot pull with rebase: You have unstaged changes.
error: Please commit or stash them.
2026-09-26 08:46:15 PULL FAILED — resolve manually (git status)
2026-09-26 16:09:57 committed
error: cannot pull with rebase: You have unstaged changes.
error: Please commit or stash them.
2026-09-26 16:09:57 PULL FAILED — resolve manually (git status)
2026-09-26 22:44:34 committed
error: cannot pull with rebase: You have unstaged changes.
error: Please commit or stash them.
2026-09-26 22:44:34 PULL FAILED — resolve manually (git status)
2026-09-27 07:42:51 committed
error: cannot pull with rebase: You have unstaged changes.
error: Please commit or stash them.
2026-09-27 07:42:51 PULL FAILED — resolve manually (git status)
2026-09-27 11:00:52 committed
error: cannot pull with rebase: You have unstaged changes.
error: Please commit or stash them.
2026-09-27 11:00:52 PULL FAILED — resolve manually (git status)
2026-09-27 12:42:08 committed
error: cannot pull with rebase: You have unstaged changes.
error: Please commit or stash them.
2026-09-27 12:42:08 PULL FAILED — resolve manually (git status)
2026-09-27 13:41:24 committed
error: cannot pull with rebase: You have unstaged changes.
error: Please commit or stash them.
2026-09-27 13:41:24 PULL FAILED — resolve manually (git status)
2026-09-27 15:05:21 committed
error: cannot pull with rebase: You have unstaged changes.
error: Please commit or stash them.
2026-09-27 15:05:21 PULL FAILED — resolve manually (git status)
2026-09-27 19:16:24 committed
error: cannot pull with rebase: You have unstaged changes.
error: Please commit or stash them.
2026-09-27 19:16:24 PULL FAILED — resolve manually (git status)
2026-09-28 19:45:11 committed
error: cannot pull with rebase: You have unstaged changes.
error: Please commit or stash them.
2026-09-28 19:45:11 PULL FAILED — resolve manually (git status)
2026-09-28 20:15:11 committed
error: cannot pull with rebase: You have unstaged changes.
error: Please commit or stash them.
2026-09-28 20:15:11 PULL FAILED — resolve manually (git status)
2026-09-28 20:45:12 committed
error: cannot pull with rebase: You have unstaged changes.
error: Please commit or stash them.
2026-09-28 20:45:12 PULL FAILED — resolve manually (git status)
2026-09-28 22:32:42 committed
error: cannot pull with rebase: You have unstaged changes.
error: Please commit or stash them.
2026-09-28 22:32:43 PULL FAILED — resolve manually (git status)
2026-09-29 07:32:55 committed
error: cannot pull with rebase: You have unstaged changes.
error: Please commit or stash them.
2026-09-29 07:32:55 PULL FAILED — resolve manually (git status)
2026-09-29 14:37:08 committed
error: cannot pull with rebase: You have unstaged changes.
error: Please commit or stash them.
2026-09-29 14:37:08 PULL FAILED — resolve manually (git status)
2026-09-30 07:12:03 committed
error: cannot pull with rebase: You have unstaged changes.
error: Please commit or stash them.
2026-09-30 07:12:03 PULL FAILED — resolve manually (git status)
2026-09-30 08:00:43 committed
error: cannot pull with rebase: You have unstaged changes.
error: Please commit or stash them.
2026-09-30 08:00:43 PULL FAILED — resolve manually (git status)
2026-09-30 08:30:43 committed
error: cannot pull with rebase: You have unstaged changes.
error: Please commit or stash them.
2026-09-30 08:30:43 PULL FAILED — resolve manually (git status)
2026-09-30 09:00:44 committed
error: cannot pull with rebase: You have unstaged changes.
error: Please commit or stash them.
2026-09-30 09:00:44 PULL FAILED — resolve manually (git status)
2026-09-30 09:30:44 committed
error: cannot pull with rebase: You have unstaged changes.
error: Please commit or stash them.
2026-09-30 09:30:44 PULL FAILED — resolve manually (git status)
2026-09-30 10:00:44 committed
error: cannot pull with rebase: You have unstaged changes.
error: Please commit or stash them.
2026-09-30 10:00:44 PULL FAILED — resolve manually (git status)
2026-09-30 10:30:44 committed
error: cannot pull with rebase: You have unstaged changes.
error: Please commit or stash them.
2026-09-30 10:30:44 PULL FAILED — resolve manually (git status)
2026-09-30 11:00:45 committed
error: cannot pull with rebase: You have unstaged changes.
error: Please commit or stash them.
2026-09-30 11:00:45 PULL FAILED — resolve manually (git status)
2026-09-30 11:30:45 committed
error: cannot pull with rebase: You have unstaged changes.
error: Please commit or stash them.
2026-09-30 11:30:45 PULL FAILED — resolve manually (git status)
2026-09-30 12:00:45 committed
error: cannot pull with rebase: You have unstaged changes.
error: Please commit or stash them.
2026-09-30 12:00:45 PULL FAILED — resolve manually (git status)
2026-09-30 12:30:45 committed
error: cannot pull with rebase: You have unstaged changes.
error: Please commit or stash them.
2026-09-30 12:30:45 PULL FAILED — resolve manually (git status)
2026-09-30 13:00:46 committed
error: cannot pull with rebase: You have unstaged changes.
error: Please commit or stash them.
2026-09-30 13:00:46 PULL FAILED — resolve manually (git status)
2026-09-30 13:30:46 committed
error: cannot pull with rebase: You have unstaged changes.
error: Please commit or stash them.
2026-09-30 13:30:46 PULL FAILED — resolve manually (git status)
2026-09-30 14:00:46 committed
error: cannot pull with rebase: You have unstaged changes.
error: Please commit or stash them.
2026-09-30 14:00:46 PULL FAILED — resolve manually (git status)
2026-09-30 14:30:46 committed
error: cannot pull with rebase: You have unstaged changes.
error: Please commit or stash them.
2026-09-30 14:30:46 PULL FAILED — resolve manually (git status)
2026-09-30 15:00:47 committed
error: cannot pull with rebase: You have unstaged changes.
error: Please commit or stash them.
2026-09-30 15:00:47 PULL FAILED — resolve manually (git status)
2026-09-30 15:30:47 committed
error: cannot pull with rebase: You have unstaged changes.
error: Please commit or stash them.
2026-09-30 15:30:47 PULL FAILED — resolve manually (git status)
2026-09-30 16:00:47 committed
error: cannot pull with rebase: You have unstaged changes.
error: Please commit or stash them.
2026-09-30 16:00:47 PULL FAILED — resolve manually (git status)
